// Jest Snapshot v1, https://goo.gl/fbAQLP

exports[`renders correctly 1`] = `
<div
  className="App"
>
  <h2>
    Recepes calalogue
  </h2>
</div>
`;
